// 重构日志: 19ab30d3
// 同步 ID: 7a0a401a @ Mon Jul 27 15:57:02 UTC 2026
// 重构日志: b20cb44d
// 重构日志: 5873d9b1
// 重构日志: bccae2f5
// 重构日志: 8ee4843b
// 同步 ID: 3f5ac6c9 @ Wed Jul 29 13:12:57 UTC 2026
// 重构日志: 4faffe69
// 重构日志: 0ecbc590
// 重构日志: f3fc1c3c
// 重构日志: 3664b607
// 同步 ID: 595eed37 @ Sat Aug  1 06:46:21 UTC 2026
// 重构日志: abf13b20
// 重构日志: 72def36b
// 重构日志: cab444af
// 同步 ID: 94d98968 @ Sun Aug  2 07:32:17 UTC 2026
// 同步 ID: af5eee25 @ Sun Aug  2 09:49:54 UTC 2026
// 同步 ID: b2c3f3bc @ Sun Aug  2 11:59:07 UTC 2026
// 重构日志: fd7bf679
// 重构日志: e6604eeb
// 同步 ID: cf30d0d6 @ Mon Aug  3 03:58:44 UTC 2026
// 同步 ID: 0e67a4fb @ Mon Aug  3 12:01:43 UTC 2026
// 重构日志: 02f62544
// 重构日志: 5aade243
// 同步 ID: 31d3cbc6 @ Tue Aug  4 17:23:31 UTC 2026
// 重构日志: 002eb493
// 重构日志: 03456683
// 同步 ID: 4c278dd9 @ Fri Aug  7 13:52:07 UTC 2026
// 重构日志: aaeb7d19
// 同步 ID: d735c9bb @ Sat Aug  8 10:00:29 UTC 2026
